          switch_set          | count 
 app_list_switches            |     5
 ash_switches                 |    46
 autofill_switches            |    13
 aw_switches                  |     4
 base_backslash_switches      |    19
 base_switches                |    41
 chromeos_switches            |    92
 chrome_switches              |   375
 common_backslash_switches    |    46
 compositor_switches          |     9
 content_switches             |   253
 corewm_switches              |     6
 event_switches               |    12
 gaia_switches                |    10
 gl_switches                  |    29
 gpu_switches                 |    21
 keyboard_switches            |     6
 media_switches               |    18
 message_center_switches      |     4
 nacl_switches                |    13
 ozone_switches               |     4
 password_manager_switches    |     3
 policy_switches              |    15
 ppapi_switches               |     9
 precache_switches            |     5
 profile_management_switches  |     1
 shell_backslash_switches     |     5
 shell_switches               |    26
 switches.cc                  |    14
 test_backslash_test_switches |     5
 test_switches                |    12
 translate_switches           |    10
 ui_base_switches             |    30
 views_switches               |     2
