          feature	 | dir_count 
 app_list            |     7
 app                 |     9
 ash_backslash_ash   |    16
 ash                 |    72
 aura                |     4
 autofill            |    13
 aw                  |     4
 base_backslash      |    19
 base_backslash_test |    10
 base                |   113
 chromeos            |    97
 chrome              |   885
 common_backslash    |    46
 compositor          |    15
 content             |   438
 corewm              |     6
 event               |    12
 gaia                |    10
 gl                  |    69
 gpu_backslash_test  |     5
 gpu                 |    32
 ipc                 |    41
 keyboard            |     6
 media               |    40
 message_center      |     4
 nacl                |    13
 ozone               |     4
 password_manager    |     3
 plugin              |    16
 policy              |    15
 ppapi               |     9
 precache            |     5
 profile_management  |     1
 service             |     4
 shell_backslash     |     5
 shell               |    40
 switches.cc         |    14
 test_backslash_test |     7
 test_shell          |     9
 test                |    17
 translate           |    10
 ui_base             |    81
 views               |     2
 virtual_driver      |     3
