                         dir                          | feature_count 
 chromium/content/browser/media/android/              |             1
 chromium/chrome/browser/apps/                        |             3
 chromium/ui/aura/gestures/                           |             1
 chromium/chrome/browser/ui/webui/                    |             1
 chromium/content/shell/app/                          |             7
 updater/                                             |             1
 chromium/ash/wm/overview/                            |             1
 chromium/chrome/browser/chromeos/settings/           |             1
 chromium/chrome/browser/extensions/api/management/   |             1
 apis/                                                |             1
 chromium/chrome/browser/signin/                      |             2
 private/                                             |             3
 chromium/chrome/browser/lifetime/                    |             2
 chromium/testing/android/                            |             1
 chromium/ppapi/proxy/                                |             1
 chromium/components/nacl/common/                     |             3
 method/                                              |             1
 chromium/chrome/browser/ui/fullscreen/               |             1
 chromium/chrome/browser/ui/webui/ntp/                |             2
 chromium/components/autofill/core/common/            |             1
 chromium/chrome/browser/ui/views/omnibox/            |             1
 chromium/chrome/browser/ui/views/apps/               |             1
 chromium/chrome/browser/ui/search/                   |             1
 internals/                                           |             1
 chromium/components/precache/core/                   |             1
 chromium/content/shell/browser/                      |             3
 chromium/content/gpu/                                |             3
 chromium/components/autofill/content/browser/wallet/ |             2
 updater/pnacl/                                       |             1
 chromium/extensions/common/                          |             1
 chromium/content/renderer/media/                     |             2
 chromium/content/browser/speech/                     |             1
 chromium/content/renderer/gpu/                       |             3
 shim/                                                |             1
 chromium/components/policy/core/common/              |             1
 chromium/chrome/browser/extensions/api/mdns/         |             1
 webview/native/                                      |             1
 worker/                                              |             1
 chromium/chrome/browser/net/spdyproxy/               |             1
 chromium/chrome/test/gpu/                            |             3
 chromium/chrome/browser/ui/webui/options/chromeos/   |             2
 chromium/chrome/browser/feedback/                    |             1
 chromium/chrome/browser/history/                     |             2
 chromium/chrome/browser/prefetch/                    |             1
 engines/                                             |             1
 chromium/chrome/browser/android/                     |             1
 chromium/chrome/test/automation/                     |             4
 chromium/chrome/browser/automation/                  |             1
 chromium/chrome/browser/ui/views/toolbar/            |             1
 chromium/content/public/browser/                     |             1
 chromium/chrome/browser/chromeos/login/saml/         |             3
 chromium/base/                                       |             1
 chromium/chromeos/settings/                          |             1
 chromium/ui/ozone/platform/test/                     |             1
 chromium/gpu/config/                                 |             2
 chromium/chrome/browser/net/                         |             2
 window/                                              |             1
 time/                                                |             1
 chromium/ash/wm/                                     |             1
 chromium/chrome/test/ui/                             |             5
 chromium/components/nacl/zygote/                     |             2
 chromium/chrome/browser/chromeos/system/             |             1
 chromium/chromeos/                                   |             1
 chromium/chrome/browser/ui/passwords/                |             1
 chromium/components/nacl/broker/                     |             2
 bar/                                                 |             2
 chromium/ui/gfx/                                     |             1
 contents/                                            |             3
 linux/                                               |             1
 chromium/cc/test/                                    |             1
 chromium/chrome/browser/notifications/               |             2
 data/                                                |             1
 chromium/components/policy/core/browser/             |             1
 chromium/chrome/renderer/spellchecker/               |             1
 manager/core/browser/                                |             1
 host/input/                                          |             2
 chromium/chrome/browser/chromeos/extensions/         |             3
 chromium/content/app/                                |             1
 host/pepper/                                         |             1
 chromium/apps/shell/browser/                         |             2
 chromium/ui/keyboard/                                |             1
 chromium/chrome/browser/ui/autofill/                 |             2
 host/                                                |            10
 chromium/cc/base/                                    |             1
 chromium/base/debug/                                 |             1
 chromium/chrome/test/remoting/                       |             2
 chromium/chrome/common/extensions/                   |             2
 settings/                                            |             2
 apk/                                                 |             1
 chromium/chrome/browser/ui/toolbar/                  |             1
 chromium/chrome/browser/metrics/                     |             2
 chromium/content/worker/                             |             2
 navigation/                                          |             1
 chromium/extensions/common/permissions/              |             1
 chromium/ui/gl/                                      |             1
 chromium/chrome/browser/ui/startup/                  |             5
 print/                                               |             1
 chromium/components/precache/content/                |             1
 plugin/                                              |             2
 chromium/chrome/browser/ui/webui/options/            |             2
 chromium/mojo/shell/                                 |             1
 run/                                                 |             3
 chromium/chrome/browser/ui/views/tabs/               |             1
 chromium/extensions/browser/                         |             1
 chromium/ui/compositor/test/                         |             1
 discovery/                                           |             1
 chromium/media/base/                                 |             1
 mode/                                                |             3
 chromium/chrome/renderer/                            |             4
 list/win/                                            |             2
 chromium/ash/accelerators/                           |             1
 chromium/ash/audio/                                  |             1
 chromium/chrome/test/ppapi/                          |             4
 chromium/chrome/browser/policy/cloud/                |             1
 chromium/chrome/renderer/extensions/                 |             3
 chromium/remoting/host/                              |             1
 chromium/chrome/browser/search/                      |             1
 center/                                              |             1
 chromium/content/browser/accessibility/              |             1
 chromium/chromeos/dbus/                              |             1
 chromium/chrome/browser/extensions/                  |             4
 chromium/chrome/browser/chromeos/events/             |             1
 distiller/                                           |             1
 chromium/chrome/browser/extensions/api/dns/          |             1
 buttons/                                             |             1
 chromium/ui/compositor/                              |             2
 chromium/chrome/installer/setup/                     |             1
 chromium/components/nacl/renderer/                   |             1
 host/test/                                           |             1
 chromium/ui/gfx/win/                                 |             1
 chromium/chrome/browser/chromeos/policy/             |             2
 chromium/chrome/browser/media/                       |             3
 chromium/ash/touch/                                  |             1
 chromium/chrome/browser/ui/webui/chromeos/           |             1
 process/                                             |             5
 chromium/content/browser/compositor/                 |             1
 manager/                                             |             4
 chromium/components/translate/core/common/           |             1
 chromium/chrome/browser/ui/sync/                     |             1
 chromium/chrome/browser/sync/test/integration/       |             2
 chromium/content/public/test/                        |             3
 chromium/media/audio/                                |             1
 chromium/chrome/renderer/printing/                   |             1
 chromium/content/zygote/                             |             1
 chromium/chrome/browser/extensions/api/permissions/  |             1
 webview/lib/main/                                    |             3
 chromium/chrome/browser/background/                  |             1
 chromium/chrome/browser/profiles/                    |             1
 chromium/components/autofill/content/renderer/       |             2
 chromium/chrome/browser/prefs/                       |             3
 print/test/                                          |             1
 chromium/components/nacl/browser/                    |             4
 chromium/chrome/browser/ui/bookmarks/                |             1
 chromium/apps/                                       |             1
 chromium/chrome/app/                                 |             4
 chromium/chromeos/network/                           |             1
 chromium/chrome/browser/spellchecker/                |             1
 tests/                                               |             3
 chromium/content/utility/                            |             1
 chromium/chrome/browser/rlz/                         |             1
 chromium/chrome/test/base/                           |             3
 chromium/content/renderer/npapi/                     |             1
 chromium/chrome/browser/chromeos/                    |             2
 chromium/chrome/installer/test/                      |             1
 chromium/ui/base/resource/                           |             1
 chromium/content/renderer/devtools/                  |             1
 chromium/chrome/browser/bookmarks/                   |             1
 chromium/chrome/browser/chromeos/ui/                 |             1
 chromium/chrome/browser/ui/panels/                   |             1
 db/                                                  |             1
 monitor/                                             |             1
 chromium/ui/base/win/                                |             1
 chromium/chrome/browser/ui/ash/                      |             4
 capture/                                             |             3
 execute/                                             |             1
 chromium/content/browser/media/                      |             1
 chromium/content/public/common/                      |             1
 chromium/chrome/browser/printing/                    |             1
 chromium/chrome/browser/mac/                         |             1
 chromium/ui/ozone/                                   |             1
 chromium/base/test/launcher/                         |             1
 chromium/chrome/browser/ui/views/                    |             1
 preview/                                             |             1
 chromium/components/policy/core/common/cloud/        |             1
 chromium/chromeos/system/                            |             1
 channel/                                             |             1
 chromium/chrome/browser/extensions/api/dial/         |             1
 list/views/                                          |             1
 chromium/ui/views/corewm/                            |             1
 chromium/chrome/browser/chromeos/power/              |             1
 chromium/chrome/browser/sessions/                    |             1
 applications/                                        |             1
 chromium/content/child/npapi/                        |             1
 chromium/chrome/browser/chromeos/net/                |             1
 chromium/media/audio/sounds/                         |             1
 indicator/                                           |             1
 webview/common/                                      |             2
 chromium/chrome/utility/                             |             2
 chromium/ui/base/                                    |             1
 chromium/chrome/browser/translate/                   |             1
 chromium/ash/display/                                |             2
 chromium/content/common/                             |             2
 chromium/content/child/                              |             1
 chromium/chrome/browser/metrics/variations/          |             1
 chromium/chrome/test/pyautolib/                      |             1
 host/media/                                          |             2
 chromium/ash/wm/workspace/                           |             1
 chromium/chrome/browser/chromeos/login/managed/      |             2
 chromium/ui/events/                                  |             1
 chromium/ui/events/gestures/                         |             1
 chromium/media/audio/win/                            |             1
 chromium/components/autofill/core/browser/           |             1
 rate/                                                |             3
 chromium/chrome/browser/download/                    |             2
 p/                                                   |             1
 chromium/chrome/utility/importer/                    |             1
 chromium/ui/base/touch/                              |             1
 chromium/chrome/browser/ui/ash/launcher/             |             3
 chromium/chrome/browser/extensions/api/downloads/    |             1
 chromium/chromeos/login/                             |             1
 chromium/chrome/browser/predictors/                  |             1
 chromium/content/browser/gpu/                        |             6
 chromium/chrome/browser/accessibility/               |             1
 chromium/ash/                                        |             3
 chromium/ash/shelf/                                  |             1
 chromium/chrome/browser/diagnostics/                 |             1
 chromium/content/shell/renderer/                     |             2
 chromium/content/renderer/input/                     |             1
 chromium/content/app/android/                        |             2
 chromium/chrome/test/nacl/                           |             1
 chromium/chrome/browser/plugins/                     |             1
 chromium/chrome/browser/ssl/                         |             2
 chromium/content/common/gpu/                         |             3
 chromium/content/browser/android/                    |             4
 chromium/chrome/browser/chromeos/login/enrollment/   |             1
 chromium/chrome/browser/chromeos/accessibility/      |             1
 chromium/media/video/capture/                        |             1
 chromium/content/renderer/                           |             5
 chromium/chrome/browser/chromeos/login/              |            15
 print/service/win/                                   |             4
 chromium/chrome/browser/ui/gtk/                      |             1
 manager/core/common/                                 |             1
 chromium/chrome/test/logging/win/                    |             1
 apis/gaia/                                           |             1
 chromium/chrome/browser/google/                      |             1
 chromium/chrome/browser/sync/glue/                   |             1
 chromium/content/renderer/pepper/                    |             2
 chromium/chrome/browser/autocomplete/                |             1
 chromium/chrome/browser/ui/views/frame/              |             3
 chromium/base/test/                                  |             2
 chromium/content/test/                               |             3
 chromium/chrome/browser/ui/extensions/               |             1
 sizer/                                               |             1
 chromium/chrome/browser/guestview/webview/           |             1
 chromium/ash/system/chromeos/power/                  |             1
 chromium/chrome/browser/infobars/                    |             2
 chromium/ash/system/chromeos/network/                |             1
 chromium/chrome/browser/                             |            17
 browsing/                                            |             2
 chromium/chrome/browser/thumbnails/                  |             1
 chromium/apps/shell/app/                             |             1
 chromium/chrome/test/perf/                           |             4
 content/                                             |             1
 chromium/components/nacl/loader/                     |             1
 handlers/                                            |             1
 chromium/content/browser/loader/                     |             1
 buffer/service/                                      |             2
 impl/                                                |             1
 chromium/chrome/browser/ui/webui/chromeos/login/     |             2
 chromium/content/browser/fileapi/                    |             1
 chromium/content/plugin/                             |             1
 webview/browser/                                     |             2
 chromium/content/renderer/accessibility/             |             1
 notifier/                                            |             1
 chromium/components/breakpad/app/                    |             1
 chromium/ash/test/                                   |             1
 chromium/chrome/browser/devtools/                    |             3
 chromium/chrome/browser/prerender/                   |             2
 list/                                                |             2
 chromium/media/filters/                              |             1
 chromium/chrome/browser/chromeos/login/screens/      |             1
 chromium/chrome/common/                              |             6
 chromium/chrome/service/                             |             4
 chromium/chrome/browser/ui/                          |             2
 chromium/ui/views/                                   |             1
 chromium/content/browser/                            |             6
 chromium/chrome/browser/sync/                        |             1
 chromium/chrome/browser/extensions/signin/           |             1
 chromium/chrome/browser/chromeos/background/         |             1
 chromium/chrome/browser/ui/webui/signin/             |             1
 resource/                                            |             1
 chromium/chrome/browser/chromeos/profiles/           |             2
 chromium/chrome/installer/util/                      |             1
 webview/browser/net/                                 |             2
 chromium/content/browser/download/                   |             1
 chromium/content/browser/net/                        |             1
 background/                                          |             1
 chromium/content/shell/common/                       |             2
 chromium/ash/host/                                   |             1
 chromium/components/autofill/content/browser/        |             1
 chromium/chrome/browser/extensions/api/debugger/     |             1
 chromium/media/video/capture/win/                    |             1
 chromium/components/translate/core/browser/          |             1
 fuzzer/replay/                                       |             1
