                dir                 | feature_count 
 chromium/base/                     |             3
 chromium/chrome/browser/chromeos/  |             1
 frame/test/                        |             1
 chromium/chrome/                   |             6
 chromium/chrome/browser/ui/webui/  |             1
 buffer/                            |             1
 driver/win/                        |             1
 chromium/ui/                       |             2
 chromium/ui/base/                  |             1
 chromium/chrome/common/            |             1
 chromium/content/                  |             7
 chromium/base/ash/content/         |             1
 chromium/chrome/service/           |             2
 chromium/chrome/browser/ui/        |             1
 chromium/content/common/           |             2
 chromium/chrome/browser/           |             3
 chromium/content/browser/          |             6
 chromium/chrome/test/              |             5
 chromium/chrome/renderer/          |             1
 chromium/ui/gfx/                   |             1
 chromium/base/ash/                 |             1
 chromium/                          |             4
 frame/                             |             1
 chromium/base/ash/wm/              |             1
 chromium/chrome/installer/         |             1
 chromium/webkit/tools/             |             2
 chromium/media/                    |             1
 chromium/base/ash/system/chromeos/ |             1
 chromium/webkit/                   |             1
