                   dir                    | feature_count 
 chromium/chrome/browser/extensions/      |             1
 frame/test/                              |             1
 chromium/chrome/browser/importer/        |             1
 chromium/chrome/worker/                  |             2
 chromium/chrome/installer/setup/         |             1
 chromium/media/audio/linux/              |             1
 chromium/chrome/common/                  |             4
 chromium/chrome/plugin/                  |             1
 frame/test/reliability/                  |             1
 chromium/chrome/browser/views/frame/     |             1
 chromium/chrome/browser/sync/            |             1
 chromium/chrome/app/                     |             3
 resource/                                |             1
 chromium/chrome/installer/util/          |             1
 chromium/ipc/                            |             1
 chromium/chrome/browser/views/           |             1
 chromium/chrome/browser/gtk/             |             1
 chromium/chrome/browser/gtk/options/     |             1
 frame/                                   |             2
 chromium/webkit/glue/                    |             1
 chromium/chrome/browser/views/options/   |             1
 engines/                                 |             1
 experiment/                              |             1
 chromium/chrome/browser/sessions/        |             1
 chromium/chrome/test/automation/         |             2
 switching/                               |             1
 chromium/base/                           |             1
 chromium/chrome/browser/net/             |             1
 webkit/                                  |             1
 test/                                    |             1
 frame/test/net/                          |             1
 chromium/chrome/utility/                 |             1
 ui/                                      |             1
 chromium/chrome/test/ui/                 |             2
 chromium/chrome/gpu/                     |             1
 contents/                                |             1
 chromium/chrome/test/reliability/        |             1
 cycler/                                  |             1
 chromium/chrome/test/startup/            |             1
 chromium/chrome/browser/diagnostics/     |             1
 host/                                    |             5
 chromium/chrome/test/nacl/               |             1
 chromium/chrome/common/extensions/       |             1
 chromium/chrome/browser/views/tabs/      |             1
 chromium/chrome/browser/metrics/         |             1
 chromium/chrome/nacl/                    |             3
 chromium/chrome/browser/                 |             4
 chromium/chrome/browser/chromeos/panels/ |             1
 chromium/chrome/renderer/                |             5
 chromium/chrome/test/                    |             1
 shell/                                   |             1
 chromium/app/                            |             1
 chromium/media/filters/                  |             1
